[12;29H[0;1m  Q qUOTE lINES        [12;31H[0;1;35mQ[7;28H[0m                         [8;28H[1;30m------ eND oF mSG -------[9;28H[0m                           [10;28H                           [11;28H                           [12;28H                           [13;28H                           [14;28H                           [15;28H                           [16;28H                           [17;28H                           [18;28H                           [19;28H                           [20;30H                         [35m[6;1H[0;30mQ
[7;1H
[8;1H[0m
[9;1H
[10;1H
[11;1H
[12;1H
[13;1H
[14;1H
[15;1H
[16;1H
[17;1H
[18;1H
[19;1H
[20;1H
[21;1H[1m[0;1;36mÄ[0;1;35mÄ[0m[35mÄÄ[0;1;35mÄÄ[0m[35mÄ[0;1;35mÄ[0m[35mÄÄÄÄÄÄÄÄÄÄÄÄÄÄÄÄÄÄÄÄÄÄÄÄÄ[0;34m [0;1;34m[0;1;35mq[0m[35mUOTE[0;1;35m w[0m[35mINDOW[0;1;35m[0;1;33m [0m[35mÄÄÄÄÄÄÄÄÄÄÄÄÄÄÄÄÄÄÄÄÄ[0;1;35mÄ[0m[35mÄ[0;1;35mÄÄ[0m[35mÄÄ[0;1;35mÄ[0m[35mÄÄ[0;1;35mÄ[0;1;36mÄ[0m
[22;1H
[23;1H
[24;1H
[25;1H
[25;1H
[25;1H
[25;1H
[25;1H
[25;1H[1m[0;1;36mÄ[0;1;35mÄ[0m[35mÄÄ[0;1;35mÄÄ[0m[35mÄ[0;1;35mÄÄ[0m[35mÄÄÄÄÄÄÄÄÄÄÄÄÄÄÄÄÄÄÄ[0;34m [0;1;34m[0;1;35mEnter[0m[35m/[0;1;35mAdd[0;1;36m  [0;1;35mEscape[0m[35m/[0;1;35mQuit[0;1;36m [0m[35mÄÄÄÄÄÄÄÄÄÄÄÄÄÄÄÄÄÄÄÄÄÄÄÄÄÄÄ[0m
[25;1H
[25;1H[1;33m[6;1H[K[7;1H[K[8;1H[K[9;1H[K[10;1H[K[11;1H[K[12;1H[K[13;1H[K[15;1H[0mOn 25 Sep 2023, paulie420 said the following...[K
[16;1H [K
[17;1H pa>  Om> Making that script looks like a lot of work - icy_draw will make that[K
[18;1H pa>  Om> easier - promised :).[K
[19;1H pa> [K
[20;1H pa> Right; I kinda just whipped up what would work - I'd love an easier way.[K
[21;1H pa> I'm Mystic-leaning, but wouldn't even need MPL if there were an ANSI[K
[22;1H pa> tool that saved antimations in a way that could be displayed thru the[K
[23;1H[15;1H[1;36;44mOn 25 Sep 2023, paulie420 said the following...                                